------------------------------------------------------------
TimeQuest Timing Analyzer Summary
------------------------------------------------------------

Type  : Slow 1200mV 85C Model Setup 'clock_divider:U5|reg1Mhz'
Slack : -44.313
TNS   : -4087.896

Type  : Slow 1200mV 85C Model Setup 'clock_divider:U5|reg25Mhz'
Slack : -20.201
TNS   : -1031.701

Type  : Slow 1200mV 85C Model Setup 'CLOCK_50'
Slack : -10.854
TNS   : -4189.023

Type  : Slow 1200mV 85C Model Setup 'ps2_keyboard:U3|dec_keyboard:U2|f3'
Slack : -4.166
TNS   : -28.686

Type  : Slow 1200mV 85C Model Setup 'PS2_CLK'
Slack : -1.781
TNS   : -35.716

Type  : Slow 1200mV 85C Model Setup 'clock_divider:U5|reg1Khz'
Slack : -0.407
TNS   : -0.457

Type  : Slow 1200mV 85C Model Hold 'CLOCK_50'
Slack : -2.066
TNS   : -5.765

Type  : Slow 1200mV 85C Model Hold 'clock_divider:U5|reg25Mhz'
Slack : -0.573
TNS   : -4.684

Type  : Slow 1200mV 85C Model Hold 'PS2_CLK'
Slack : -0.186
TNS   : -0.186

Type  : Slow 1200mV 85C Model Hold 'clock_divider:U5|reg1Khz'
Slack : 0.104
TNS   : 0.000

Type  : Slow 1200mV 85C Model Hold 'clock_divider:U5|reg1Mhz'
Slack : 0.405
TNS   : 0.000

Type  : Slow 1200mV 85C Model Hold 'ps2_keyboard:U3|dec_keyboard:U2|f3'
Slack : 0.405
TNS   : 0.000

Type  : Slow 1200mV 85C Model Recovery 'ps2_keyboard:U3|keyboard:U1|scan_ready'
Slack : -3.841
TNS   : -3.841

Type  : Slow 1200mV 85C Model Recovery 'ps2_keyboard:U3|keyboard:U1|ready_set'
Slack : -0.025
TNS   : -0.025

Type  : Slow 1200mV 85C Model Removal 'ps2_keyboard:U3|keyboard:U1|ready_set'
Slack : 0.122
TNS   : 0.000

Type  : Slow 1200mV 85C Model Removal 'ps2_keyboard:U3|keyboard:U1|scan_ready'
Slack : 4.318
TNS   : 0.000

Type  : Slow 1200mV 85C Model Minimum Pulse Width 'CLOCK_50'
Slack : -3.000
TNS   : -2146.903

Type  : Slow 1200mV 85C Model Minimum Pulse Width 'PS2_CLK'
Slack : -3.000
TNS   : -32.555

Type  : Slow 1200mV 85C Model Minimum Pulse Width 'clock_divider:U5|reg1Mhz'
Slack : -1.285
TNS   : -531.990

Type  : Slow 1200mV 85C Model Minimum Pulse Width 'clock_divider:U5|reg25Mhz'
Slack : -1.285
TNS   : -196.605

Type  : Slow 1200mV 85C Model Minimum Pulse Width 'ps2_keyboard:U3|dec_keyboard:U2|f3'
Slack : -1.285
TNS   : -12.850

Type  : Slow 1200mV 85C Model Minimum Pulse Width 'clock_divider:U5|reg1Khz'
Slack : -1.285
TNS   : -3.855

Type  : Slow 1200mV 85C Model Minimum Pulse Width 'ps2_keyboard:U3|keyboard:U1|ready_set'
Slack : -1.285
TNS   : -1.285

Type  : Slow 1200mV 85C Model Minimum Pulse Width 'ps2_keyboard:U3|keyboard:U1|scan_ready'
Slack : -1.285
TNS   : -1.285

Type  : Slow 1200mV 0C Model Setup 'clock_divider:U5|reg1Mhz'
Slack : -39.885
TNS   : -3729.671

Type  : Slow 1200mV 0C Model Setup 'clock_divider:U5|reg25Mhz'
Slack : -18.203
TNS   : -924.836

Type  : Slow 1200mV 0C Model Setup 'CLOCK_50'
Slack : -9.795
TNS   : -3732.515

Type  : Slow 1200mV 0C Model Setup 'ps2_keyboard:U3|dec_keyboard:U2|f3'
Slack : -3.858
TNS   : -26.458

Type  : Slow 1200mV 0C Model Setup 'PS2_CLK'
Slack : -1.553
TNS   : -30.736

Type  : Slow 1200mV 0C Model Setup 'clock_divider:U5|reg1Khz'
Slack : -0.269
TNS   : -0.269

Type  : Slow 1200mV 0C Model Hold 'CLOCK_50'
Slack : -1.895
TNS   : -5.330

Type  : Slow 1200mV 0C Model Hold 'clock_divider:U5|reg25Mhz'
Slack : -0.395
TNS   : -3.350

Type  : Slow 1200mV 0C Model Hold 'PS2_CLK'
Slack : -0.169
TNS   : -0.169

Type  : Slow 1200mV 0C Model Hold 'clock_divider:U5|reg1Khz'
Slack : 0.172
TNS   : 0.000

Type  : Slow 1200mV 0C Model Hold 'clock_divider:U5|reg1Mhz'
Slack : 0.354
TNS   : 0.000

Type  : Slow 1200mV 0C Model Hold 'ps2_keyboard:U3|dec_keyboard:U2|f3'
Slack : 0.355
TNS   : 0.000

Type  : Slow 1200mV 0C Model Recovery 'ps2_keyboard:U3|keyboard:U1|scan_ready'
Slack : -3.371
TNS   : -3.371

Type  : Slow 1200mV 0C Model Recovery 'ps2_keyboard:U3|keyboard:U1|ready_set'
Slack : 0.087
TNS   : 0.000

Type  : Slow 1200mV 0C Model Removal 'ps2_keyboard:U3|keyboard:U1|ready_set'
Slack : 0.102
TNS   : 0.000

Type  : Slow 1200mV 0C Model Removal 'ps2_keyboard:U3|keyboard:U1|scan_ready'
Slack : 3.915
TNS   : 0.000

Type  : Slow 1200mV 0C Model Minimum Pulse Width 'CLOCK_50'
Slack : -3.000
TNS   : -2114.079

Type  : Slow 1200mV 0C Model Minimum Pulse Width 'PS2_CLK'
Slack : -3.000
TNS   : -32.555

Type  : Slow 1200mV 0C Model Minimum Pulse Width 'clock_divider:U5|reg1Mhz'
Slack : -1.285
TNS   : -531.990

Type  : Slow 1200mV 0C Model Minimum Pulse Width 'clock_divider:U5|reg25Mhz'
Slack : -1.285
TNS   : -196.605

Type  : Slow 1200mV 0C Model Minimum Pulse Width 'ps2_keyboard:U3|dec_keyboard:U2|f3'
Slack : -1.285
TNS   : -12.850

Type  : Slow 1200mV 0C Model Minimum Pulse Width 'clock_divider:U5|reg1Khz'
Slack : -1.285
TNS   : -3.855

Type  : Slow 1200mV 0C Model Minimum Pulse Width 'ps2_keyboard:U3|keyboard:U1|ready_set'
Slack : -1.285
TNS   : -1.285

Type  : Slow 1200mV 0C Model Minimum Pulse Width 'ps2_keyboard:U3|keyboard:U1|scan_ready'
Slack : -1.285
TNS   : -1.285

Type  : Fast 1200mV 0C Model Setup 'clock_divider:U5|reg1Mhz'
Slack : -21.083
TNS   : -1881.081

Type  : Fast 1200mV 0C Model Setup 'clock_divider:U5|reg25Mhz'
Slack : -9.172
TNS   : -430.081

Type  : Fast 1200mV 0C Model Setup 'CLOCK_50'
Slack : -5.530
TNS   : -1939.408

Type  : Fast 1200mV 0C Model Setup 'ps2_keyboard:U3|dec_keyboard:U2|f3'
Slack : -1.407
TNS   : -7.654

Type  : Fast 1200mV 0C Model Setup 'PS2_CLK'
Slack : -0.349
TNS   : -5.578

Type  : Fast 1200mV 0C Model Setup 'clock_divider:U5|reg1Khz'
Slack : 0.315
TNS   : 0.000

Type  : Fast 1200mV 0C Model Hold 'CLOCK_50'
Slack : -1.095
TNS   : -3.190

Type  : Fast 1200mV 0C Model Hold 'clock_divider:U5|reg25Mhz'
Slack : -0.331
TNS   : -4.117

Type  : Fast 1200mV 0C Model Hold 'PS2_CLK'
Slack : -0.083
TNS   : -0.083

Type  : Fast 1200mV 0C Model Hold 'clock_divider:U5|reg1Khz'
Slack : 0.020
TNS   : 0.000

Type  : Fast 1200mV 0C Model Hold 'ps2_keyboard:U3|dec_keyboard:U2|f3'
Slack : 0.124
TNS   : 0.000

Type  : Fast 1200mV 0C Model Hold 'clock_divider:U5|reg1Mhz'
Slack : 0.180
TNS   : 0.000

Type  : Fast 1200mV 0C Model Recovery 'ps2_keyboard:U3|keyboard:U1|scan_ready'
Slack : -1.855
TNS   : -1.855

Type  : Fast 1200mV 0C Model Recovery 'ps2_keyboard:U3|keyboard:U1|ready_set'
Slack : 0.134
TNS   : 0.000

Type  : Fast 1200mV 0C Model Removal 'ps2_keyboard:U3|keyboard:U1|ready_set'
Slack : 0.053
TNS   : 0.000

Type  : Fast 1200mV 0C Model Removal 'ps2_keyboard:U3|keyboard:U1|scan_ready'
Slack : 2.559
TNS   : 0.000

Type  : Fast 1200mV 0C Model Minimum Pulse Width 'CLOCK_50'
Slack : -3.000
TNS   : -1116.536

Type  : Fast 1200mV 0C Model Minimum Pulse Width 'PS2_CLK'
Slack : -3.000
TNS   : -41.006

Type  : Fast 1200mV 0C Model Minimum Pulse Width 'clock_divider:U5|reg1Mhz'
Slack : -1.000
TNS   : -414.000

Type  : Fast 1200mV 0C Model Minimum Pulse Width 'clock_divider:U5|reg25Mhz'
Slack : -1.000
TNS   : -153.000

Type  : Fast 1200mV 0C Model Minimum Pulse Width 'ps2_keyboard:U3|dec_keyboard:U2|f3'
Slack : -1.000
TNS   : -10.000

Type  : Fast 1200mV 0C Model Minimum Pulse Width 'clock_divider:U5|reg1Khz'
Slack : -1.000
TNS   : -3.000

Type  : Fast 1200mV 0C Model Minimum Pulse Width 'ps2_keyboard:U3|keyboard:U1|ready_set'
Slack : -1.000
TNS   : -1.000

Type  : Fast 1200mV 0C Model Minimum Pulse Width 'ps2_keyboard:U3|keyboard:U1|scan_ready'
Slack : -1.000
TNS   : -1.000

------------------------------------------------------------
