------------------------------------------------------------
TimeQuest Timing Analyzer Summary
------------------------------------------------------------

Type  : Slow 1200mV 85C Model Setup 'clock_divider:U5|reg1Mhz'
Slack : -124.072
TNS   : -9132.533

Type  : Slow 1200mV 85C Model Setup 'clock_divider:U5|reg25Mhz'
Slack : -20.355
TNS   : -1015.918

Type  : Slow 1200mV 85C Model Setup 'CLOCK_50'
Slack : -8.823
TNS   : -4167.743

Type  : Slow 1200mV 85C Model Setup 'ps2_keyboard:U3|dec_keyboard:U2|f3'
Slack : -4.419
TNS   : -30.018

Type  : Slow 1200mV 85C Model Setup 'PS2_CLK'
Slack : -1.654
TNS   : -35.087

Type  : Slow 1200mV 85C Model Setup 'clock_divider:U5|reg1Khz'
Slack : -0.597
TNS   : -0.643

Type  : Slow 1200mV 85C Model Hold 'CLOCK_50'
Slack : -1.706
TNS   : -12.795

Type  : Slow 1200mV 85C Model Hold 'PS2_CLK'
Slack : -0.156
TNS   : -0.156

Type  : Slow 1200mV 85C Model Hold 'clock_divider:U5|reg1Khz'
Slack : -0.021
TNS   : -0.021

Type  : Slow 1200mV 85C Model Hold 'clock_divider:U5|reg25Mhz'
Slack : 0.083
TNS   : 0.000

Type  : Slow 1200mV 85C Model Hold 'clock_divider:U5|reg1Mhz'
Slack : 0.209
TNS   : 0.000

Type  : Slow 1200mV 85C Model Hold 'ps2_keyboard:U3|dec_keyboard:U2|f3'
Slack : 0.403
TNS   : 0.000

Type  : Slow 1200mV 85C Model Recovery 'ps2_keyboard:U3|keyboard:U1|scan_ready'
Slack : -4.829
TNS   : -4.829

Type  : Slow 1200mV 85C Model Recovery 'ps2_keyboard:U3|keyboard:U1|ready_set'
Slack : 0.031
TNS   : 0.000

Type  : Slow 1200mV 85C Model Removal 'ps2_keyboard:U3|keyboard:U1|ready_set'
Slack : 0.135
TNS   : 0.000

Type  : Slow 1200mV 85C Model Removal 'ps2_keyboard:U3|keyboard:U1|scan_ready'
Slack : 5.266
TNS   : 0.000

Type  : Slow 1200mV 85C Model Minimum Pulse Width 'CLOCK_50'
Slack : -3.000
TNS   : -2146.903

Type  : Slow 1200mV 85C Model Minimum Pulse Width 'PS2_CLK'
Slack : -3.000
TNS   : -32.555

Type  : Slow 1200mV 85C Model Minimum Pulse Width 'clock_divider:U5|reg1Mhz'
Slack : -1.285
TNS   : -818.545

Type  : Slow 1200mV 85C Model Minimum Pulse Width 'clock_divider:U5|reg25Mhz'
Slack : -1.285
TNS   : -196.605

Type  : Slow 1200mV 85C Model Minimum Pulse Width 'ps2_keyboard:U3|dec_keyboard:U2|f3'
Slack : -1.285
TNS   : -12.850

Type  : Slow 1200mV 85C Model Minimum Pulse Width 'clock_divider:U5|reg1Khz'
Slack : -1.285
TNS   : -3.855

Type  : Slow 1200mV 85C Model Minimum Pulse Width 'ps2_keyboard:U3|keyboard:U1|ready_set'
Slack : -1.285
TNS   : -1.285

Type  : Slow 1200mV 85C Model Minimum Pulse Width 'ps2_keyboard:U3|keyboard:U1|scan_ready'
Slack : -1.285
TNS   : -1.285

Type  : Slow 1200mV 0C Model Setup 'clock_divider:U5|reg1Mhz'
Slack : -112.004
TNS   : -8321.909

Type  : Slow 1200mV 0C Model Setup 'clock_divider:U5|reg25Mhz'
Slack : -18.241
TNS   : -906.699

Type  : Slow 1200mV 0C Model Setup 'CLOCK_50'
Slack : -7.922
TNS   : -3714.921

Type  : Slow 1200mV 0C Model Setup 'ps2_keyboard:U3|dec_keyboard:U2|f3'
Slack : -4.052
TNS   : -27.740

Type  : Slow 1200mV 0C Model Setup 'PS2_CLK'
Slack : -1.416
TNS   : -29.999

Type  : Slow 1200mV 0C Model Setup 'clock_divider:U5|reg1Khz'
Slack : -0.434
TNS   : -0.434

Type  : Slow 1200mV 0C Model Hold 'CLOCK_50'
Slack : -1.559
TNS   : -11.936

Type  : Slow 1200mV 0C Model Hold 'PS2_CLK'
Slack : -0.154
TNS   : -0.154

Type  : Slow 1200mV 0C Model Hold 'clock_divider:U5|reg1Khz'
Slack : 0.176
TNS   : 0.000

Type  : Slow 1200mV 0C Model Hold 'clock_divider:U5|reg25Mhz'
Slack : 0.189
TNS   : 0.000

Type  : Slow 1200mV 0C Model Hold 'clock_divider:U5|reg1Mhz'
Slack : 0.283
TNS   : 0.000

Type  : Slow 1200mV 0C Model Hold 'ps2_keyboard:U3|dec_keyboard:U2|f3'
Slack : 0.354
TNS   : 0.000

Type  : Slow 1200mV 0C Model Recovery 'ps2_keyboard:U3|keyboard:U1|scan_ready'
Slack : -4.253
TNS   : -4.253

Type  : Slow 1200mV 0C Model Recovery 'ps2_keyboard:U3|keyboard:U1|ready_set'
Slack : 0.119
TNS   : 0.000

Type  : Slow 1200mV 0C Model Removal 'ps2_keyboard:U3|keyboard:U1|ready_set'
Slack : 0.122
TNS   : 0.000

Type  : Slow 1200mV 0C Model Removal 'ps2_keyboard:U3|keyboard:U1|scan_ready'
Slack : 4.762
TNS   : 0.000

Type  : Slow 1200mV 0C Model Minimum Pulse Width 'CLOCK_50'
Slack : -3.000
TNS   : -2114.079

Type  : Slow 1200mV 0C Model Minimum Pulse Width 'PS2_CLK'
Slack : -3.000
TNS   : -32.555

Type  : Slow 1200mV 0C Model Minimum Pulse Width 'clock_divider:U5|reg1Mhz'
Slack : -1.285
TNS   : -818.545

Type  : Slow 1200mV 0C Model Minimum Pulse Width 'clock_divider:U5|reg25Mhz'
Slack : -1.285
TNS   : -196.605

Type  : Slow 1200mV 0C Model Minimum Pulse Width 'ps2_keyboard:U3|dec_keyboard:U2|f3'
Slack : -1.285
TNS   : -12.850

Type  : Slow 1200mV 0C Model Minimum Pulse Width 'clock_divider:U5|reg1Khz'
Slack : -1.285
TNS   : -3.855

Type  : Slow 1200mV 0C Model Minimum Pulse Width 'ps2_keyboard:U3|keyboard:U1|ready_set'
Slack : -1.285
TNS   : -1.285

Type  : Slow 1200mV 0C Model Minimum Pulse Width 'ps2_keyboard:U3|keyboard:U1|scan_ready'
Slack : -1.285
TNS   : -1.285

Type  : Fast 1200mV 0C Model Setup 'clock_divider:U5|reg1Mhz'
Slack : -61.292
TNS   : -4328.651

Type  : Fast 1200mV 0C Model Setup 'clock_divider:U5|reg25Mhz'
Slack : -9.384
TNS   : -434.834

Type  : Fast 1200mV 0C Model Setup 'CLOCK_50'
Slack : -4.329
TNS   : -1919.225

Type  : Fast 1200mV 0C Model Setup 'ps2_keyboard:U3|dec_keyboard:U2|f3'
Slack : -1.428
TNS   : -7.881

Type  : Fast 1200mV 0C Model Setup 'PS2_CLK'
Slack : -0.262
TNS   : -4.696

Type  : Fast 1200mV 0C Model Setup 'clock_divider:U5|reg1Khz'
Slack : 0.217
TNS   : 0.000

Type  : Fast 1200mV 0C Model Hold 'CLOCK_50'
Slack : -0.896
TNS   : -6.836

Type  : Fast 1200mV 0C Model Hold 'clock_divider:U5|reg1Khz'
Slack : -0.092
TNS   : -0.124

Type  : Fast 1200mV 0C Model Hold 'PS2_CLK'
Slack : -0.044
TNS   : -0.044

Type  : Fast 1200mV 0C Model Hold 'clock_divider:U5|reg25Mhz'
Slack : 0.061
TNS   : 0.000

Type  : Fast 1200mV 0C Model Hold 'clock_divider:U5|reg1Mhz'
Slack : 0.075
TNS   : 0.000

Type  : Fast 1200mV 0C Model Hold 'ps2_keyboard:U3|dec_keyboard:U2|f3'
Slack : 0.182
TNS   : 0.000

Type  : Fast 1200mV 0C Model Recovery 'ps2_keyboard:U3|keyboard:U1|scan_ready'
Slack : -2.425
TNS   : -2.425

Type  : Fast 1200mV 0C Model Recovery 'ps2_keyboard:U3|keyboard:U1|ready_set'
Slack : 0.207
TNS   : 0.000

Type  : Fast 1200mV 0C Model Removal 'ps2_keyboard:U3|keyboard:U1|ready_set'
Slack : 0.072
TNS   : 0.000

Type  : Fast 1200mV 0C Model Removal 'ps2_keyboard:U3|keyboard:U1|scan_ready'
Slack : 3.106
TNS   : 0.000

Type  : Fast 1200mV 0C Model Minimum Pulse Width 'CLOCK_50'
Slack : -3.000
TNS   : -1116.670

Type  : Fast 1200mV 0C Model Minimum Pulse Width 'PS2_CLK'
Slack : -3.000
TNS   : -40.896

Type  : Fast 1200mV 0C Model Minimum Pulse Width 'clock_divider:U5|reg1Mhz'
Slack : -1.000
TNS   : -637.000

Type  : Fast 1200mV 0C Model Minimum Pulse Width 'clock_divider:U5|reg25Mhz'
Slack : -1.000
TNS   : -153.000

Type  : Fast 1200mV 0C Model Minimum Pulse Width 'ps2_keyboard:U3|dec_keyboard:U2|f3'
Slack : -1.000
TNS   : -10.000

Type  : Fast 1200mV 0C Model Minimum Pulse Width 'clock_divider:U5|reg1Khz'
Slack : -1.000
TNS   : -3.000

Type  : Fast 1200mV 0C Model Minimum Pulse Width 'ps2_keyboard:U3|keyboard:U1|ready_set'
Slack : -1.000
TNS   : -1.000

Type  : Fast 1200mV 0C Model Minimum Pulse Width 'ps2_keyboard:U3|keyboard:U1|scan_ready'
Slack : -1.000
TNS   : -1.000

------------------------------------------------------------
